
The logic only returns "True" when the input is a power of 2. The function does not stop calling itself
because there is no "False" statement in the logic that states the input is not a power of 2. As the
function gets deeper and deeper into recursion, n gets smaller and smaller.

Below is my debugging log:

wesmoy@LAPTOP-18AGRCP7 MINGW64 ~/Documents/GitHub/SP_Online_Course2_2018/student                                                                                                                                                                                               s/WesleyM/Lesson05 (master)
$ cat recursive.py
import sys

def my_fun(n):
    if n==2:
        return True

    return my_fun(n/2)

if __name__ == '__main__':
    n = int(sys.argv[1])
    print(my_fun(n))

wesmoy@LAPTOP-18AGRCP7 MINGW64 ~/Documents/GitHub/SP_Online_Course2_2018/student                                                                                                                                                                                               s/WesleyM/Lesson05 (master)
$ python recursive.py 2
True

wesmoy@LAPTOP-18AGRCP7 MINGW64 ~/Documents/GitHub/SP_Online_Course2_2018/student                                                                                                                                                                                               s/WesleyM/Lesson05 (master)
$ python recursive.py 3
Traceback (most recent call last):
  File "recursive.py", line 11, in <module>
    print(my_fun(n))
  File "recursive.py", line 7, in my_fun
    return my_fun(n/2)
  File "recursive.py", line 7, in my_fun
    return my_fun(n/2)
  File "recursive.py", line 7, in my_fun
    return my_fun(n/2)
  [Previous line repeated 994 more times]
  File "recursive.py", line 4, in my_fun
    if n==2:
RecursionError: maximum recursion depth exceeded in comparison

wesmoy@LAPTOP-18AGRCP7 MINGW64 ~/Documents/GitHub/SP_Online_Course2_2018/student                                                                                                                                                                                               s/WesleyM/Lesson05 (master)
$ python recursive.py 4
True

wesmoy@LAPTOP-18AGRCP7 MINGW64 ~/Documents/GitHub/SP_Online_Course2_2018/student                                                                                                                                                                                               s/WesleyM/Lesson05 (master)
$ python recursive.py 1
Traceback (most recent call last):
  File "recursive.py", line 11, in <module>
    print(my_fun(n))
  File "recursive.py", line 7, in my_fun
    return my_fun(n/2)
  File "recursive.py", line 7, in my_fun
    return my_fun(n/2)
  File "recursive.py", line 7, in my_fun
    return my_fun(n/2)
  [Previous line repeated 994 more times]
  File "recursive.py", line 4, in my_fun
    if n==2:
RecursionError: maximum recursion depth exceeded in comparison

wesmoy@LAPTOP-18AGRCP7 MINGW64 ~/Documents/GitHub/SP_Online_Course2_2018/student                                                                                                                                                                                               s/WesleyM/Lesson05 (master)
$ python recursive.py 6
Traceback (most recent call last):
  File "recursive.py", line 11, in <module>
    print(my_fun(n))
  File "recursive.py", line 7, in my_fun
    return my_fun(n/2)
  File "recursive.py", line 7, in my_fun
    return my_fun(n/2)
  File "recursive.py", line 7, in my_fun
    return my_fun(n/2)
  [Previous line repeated 994 more times]
  File "recursive.py", line 4, in my_fun
    if n==2:
RecursionError: maximum recursion depth exceeded in comparison

wesmoy@LAPTOP-18AGRCP7 MINGW64 ~/Documents/GitHub/SP_Online_Course2_2018/student                                                                                                                                                                                               s/WesleyM/Lesson05 (master)
$ python recursive.py 8
True

wesmoy@LAPTOP-18AGRCP7 MINGW64 ~/Documents/GitHub/SP_Online_Course2_2018/student                                                                                                                                                                                               s/WesleyM/Lesson05 (master)
$ python recursive.py 16
True

wesmoy@LAPTOP-18AGRCP7 MINGW64 ~/Documents/GitHub/SP_Online_Course2_2018/student                                                                                                                                                                                               s/WesleyM/Lesson05 (master)
$ python -m pdb recursive.py 15
> c:\users\wesmo\documents\github\sp_online_course2_2018\students\wesleym\lesson                                                                                                                                                                                               05\recursive.py(1)<module>()
-> import sys
(Pdb)
(Pdb) n
> c:\users\wesmo\documents\github\sp_online_course2_2018\students\wesleym\lesson                                                                                                                                                                                               05\recursive.py(3)<module>()
-> def my_fun(n):
(Pdb) n
> c:\users\wesmo\documents\github\sp_online_course2_2018\students\wesleym\lesson                                                                                                                                                                                               05\recursive.py(9)<module>()
-> if __name__ == '__main__':
(Pdb) n
> c:\users\wesmo\documents\github\sp_online_course2_2018\students\wesleym\lesson                                                                                                                                                                                               05\recursive.py(10)<module>()
-> n = int(sys.argv[1])
(Pdb) n
> c:\users\wesmo\documents\github\sp_online_course2_2018\students\wesleym\lesson                                                                                                                                                                                               05\recursive.py(11)<module>()
-> print(my_fun(n))
(Pdb) n
Traceback (most recent call last):
  File "C:\Python36\lib\pdb.py", line 1667, in main
    pdb._runscript(mainpyfile)
  File "C:\Python36\lib\pdb.py", line 1548, in _runscript
    self.run(statement)
  File "C:\Python36\lib\bdb.py", line 431, in run
    exec(cmd, globals, locals)
  File "<string>", line 1, in <module>
  File "c:\users\wesmo\documents\github\sp_online_course2_2018\students\wesleym\                                                                                                                                                                                               lesson05\recursive.py", line 11, in <module>
    print(my_fun(n))
  File "c:\users\wesmo\documents\github\sp_online_course2_2018\students\wesleym\                                                                                                                                                                                               lesson05\recursive.py", line 7, in my_fun
    return my_fun(n/2)
  File "c:\users\wesmo\documents\github\sp_online_course2_2018\students\wesleym\                                                                                                                                                                                               lesson05\recursive.py", line 7, in my_fun
    return my_fun(n/2)
  File "c:\users\wesmo\documents\github\sp_online_course2_2018\students\wesleym\                                                                                                                                                                                               lesson05\recursive.py", line 7, in my_fun
    return my_fun(n/2)
  [Previous line repeated 980 more times]
  File "c:\users\wesmo\documents\github\sp_online_course2_2018\students\wesleym\                                                                                                                                                                                               lesson05\recursive.py", line 3, in my_fun
    def my_fun(n):
  File "C:\Python36\lib\bdb.py", line 50, in trace_dispatch
    return self.dispatch_call(frame, arg)
  File "C:\Python36\lib\bdb.py", line 76, in dispatch_call
    if not (self.stop_here(frame) or self.break_anywhere(frame)):
  File "C:\Python36\lib\bdb.py", line 173, in break_anywhere
    return self.canonic(frame.f_code.co_filename) in self.breaks
  File "C:\Python36\lib\bdb.py", line 29, in canonic
    if filename == "<" + filename[1:-1] + ">":
RecursionError: maximum recursion depth exceeded in comparison
Uncaught exception. Entering post mortem debugging
Running 'cont' or 'step' will restart the program
> c:\python36\lib\bdb.py(29)canonic()
-> if filename == "<" + filename[1:-1] + ">":
(Pdb) n
Post mortem debugger finished. The recursive.py will be restarted
> c:\users\wesmo\documents\github\sp_online_course2_2018\students\wesleym\lesson                                                                                                                                                                                               05\recursive.py(1)<module>()
-> import sys
(Pdb) n
> c:\users\wesmo\documents\github\sp_online_course2_2018\students\wesleym\lesson                                                                                                                                                                                               05\recursive.py(3)<module>()
-> def my_fun(n):
(Pdb) s
> c:\users\wesmo\documents\github\sp_online_course2_2018\students\wesleym\lesson                                                                                                                                                                                               05\recursive.py(9)<module>()
-> if __name__ == '__main__':
(Pdb) s
> c:\users\wesmo\documents\github\sp_online_course2_2018\students\wesleym\lesson                                                                                                                                                                                               05\recursive.py(10)<module>()
-> n = int(sys.argv[1])
(Pdb) s
> c:\users\wesmo\documents\github\sp_online_course2_2018\students\wesleym\lesson                                                                                                                                                                                               05\recursive.py(11)<module>()
-> print(my_fun(n))
(Pdb) s
--Call--
> c:\users\wesmo\documents\github\sp_online_course2_2018\students\wesleym\lesson                                                                                                                                                                                               05\recursive.py(3)my_fun()
-> def my_fun(n):
(Pdb) s
> c:\users\wesmo\documents\github\sp_online_course2_2018\students\wesleym\lesson                                                                                                                                                                                               05\recursive.py(4)my_fun()
-> if n==2:
(Pdb) s
> c:\users\wesmo\documents\github\sp_online_course2_2018\students\wesleym\lesson                                                                                                                                                                                               05\recursive.py(7)my_fun()
-> return my_fun(n/2)
(Pdb) s
--Call--
> c:\users\wesmo\documents\github\sp_online_course2_2018\students\wesleym\lesson                                                                                                                                                                                               05\recursive.py(3)my_fun()
-> def my_fun(n):
(Pdb) s
> c:\users\wesmo\documents\github\sp_online_course2_2018\students\wesleym\lesson                                                                                                                                                                                               05\recursive.py(4)my_fun()
-> if n==2:
(Pdb) s
> c:\users\wesmo\documents\github\sp_online_course2_2018\students\wesleym\lesson                                                                                                                                                                                               05\recursive.py(7)my_fun()
-> return my_fun(n/2)
(Pdb) s
--Call--
> c:\users\wesmo\documents\github\sp_online_course2_2018\students\wesleym\lesson                                                                                                                                                                                               05\recursive.py(3)my_fun()
-> def my_fun(n):
(Pdb) s
> c:\users\wesmo\documents\github\sp_online_course2_2018\students\wesleym\lesson                                                                                                                                                                                               05\recursive.py(4)my_fun()
-> if n==2:
(Pdb) s
> c:\users\wesmo\documents\github\sp_online_course2_2018\students\wesleym\lesson                                                                                                                                                                                               05\recursive.py(7)my_fun()
-> return my_fun(n/2)
(Pdb) s
--Call--
> c:\users\wesmo\documents\github\sp_online_course2_2018\students\wesleym\lesson                                                                                                                                                                                               05\recursive.py(3)my_fun()
-> def my_fun(n):
(Pdb) s
> c:\users\wesmo\documents\github\sp_online_course2_2018\students\wesleym\lesson                                                                                                                                                                                               05\recursive.py(4)my_fun()
-> if n==2:
(Pdb) s
> c:\users\wesmo\documents\github\sp_online_course2_2018\students\wesleym\lesson                                                                                                                                                                                               05\recursive.py(7)my_fun()
-> return my_fun(n/2)
(Pdb) s
--Call--
> c:\users\wesmo\documents\github\sp_online_course2_2018\students\wesleym\lesson                                                                                                                                                                                               05\recursive.py(3)my_fun()
-> def my_fun(n):
(Pdb) s
> c:\users\wesmo\documents\github\sp_online_course2_2018\students\wesleym\lesson                                                                                                                                                                                               05\recursive.py(4)my_fun()
-> if n==2:
(Pdb) s
> c:\users\wesmo\documents\github\sp_online_course2_2018\students\wesleym\lesson                                                                                                                                                                                               05\recursive.py(7)my_fun()
-> return my_fun(n/2)
(Pdb) s
--Call--
> c:\users\wesmo\documents\github\sp_online_course2_2018\students\wesleym\lesson                                                                                                                                                                                               05\recursive.py(3)my_fun()
-> def my_fun(n):
(Pdb) s
> c:\users\wesmo\documents\github\sp_online_course2_2018\students\wesleym\lesson                                                                                                                                                                                               05\recursive.py(4)my_fun()
-> if n==2:
(Pdb) s
> c:\users\wesmo\documents\github\sp_online_course2_2018\students\wesleym\lesson                                                                                                                                                                                               05\recursive.py(7)my_fun()
-> return my_fun(n/2)
(Pdb) my_fun(n/2)
*** RecursionError: maximum recursion depth exceeded in comparison
(Pdb) s
*** SyntaxError: invalid syntax
(Pdb) s
--Call--
> c:\users\wesmo\documents\github\sp_online_course2_2018\students\wesleym\lesson                                                                                                                                                                                               05\recursive.py(3)my_fun()
-> def my_fun(n):
(Pdb) s
> c:\users\wesmo\documents\github\sp_online_course2_2018\students\wesleym\lesson                                                                                                                                                                                               05\recursive.py(4)my_fun()
-> if n==2:
(Pdb) n
> c:\users\wesmo\documents\github\sp_online_course2_2018\students\wesleym\lesson                                                                                                                                                                                               05\recursive.py(7)my_fun()
-> return my_fun(n/2)
(Pdb)
Traceback (most recent call last):
  File "C:\Python36\lib\pdb.py", line 1667, in main
    pdb._runscript(mainpyfile)
  File "C:\Python36\lib\pdb.py", line 1548, in _runscript
    self.run(statement)
  File "C:\Python36\lib\bdb.py", line 431, in run
    exec(cmd, globals, locals)
  File "<string>", line 1, in <module>
  File "c:\users\wesmo\documents\github\sp_online_course2_2018\students\wesleym\                                                                                                                                                                                               lesson05\recursive.py", line 11, in <module>
    print(my_fun(n))
  File "c:\users\wesmo\documents\github\sp_online_course2_2018\students\wesleym\                                                                                                                                                                                               lesson05\recursive.py", line 7, in my_fun
    return my_fun(n/2)
  File "c:\users\wesmo\documents\github\sp_online_course2_2018\students\wesleym\                                                                                                                                                                                               lesson05\recursive.py", line 7, in my_fun
    return my_fun(n/2)
  File "c:\users\wesmo\documents\github\sp_online_course2_2018\students\wesleym\                                                                                                                                                                                               lesson05\recursive.py", line 7, in my_fun
    return my_fun(n/2)
  [Previous line repeated 980 more times]
  File "c:\users\wesmo\documents\github\sp_online_course2_2018\students\wesleym\                                                                                                                                                                                               lesson05\recursive.py", line 3, in my_fun
    def my_fun(n):
  File "C:\Python36\lib\bdb.py", line 50, in trace_dispatch
    return self.dispatch_call(frame, arg)
  File "C:\Python36\lib\bdb.py", line 76, in dispatch_call
    if not (self.stop_here(frame) or self.break_anywhere(frame)):
  File "C:\Python36\lib\bdb.py", line 173, in break_anywhere
    return self.canonic(frame.f_code.co_filename) in self.breaks
  File "C:\Python36\lib\bdb.py", line 29, in canonic
    if filename == "<" + filename[1:-1] + ">":
RecursionError: maximum recursion depth exceeded in comparison
Uncaught exception. Entering post mortem debugging
Running 'cont' or 'step' will restart the program
> c:\python36\lib\bdb.py(29)canonic()
-> if filename == "<" + filename[1:-1] + ">":
(Pdb) s
Post mortem debugger finished. The recursive.py will be restarted
> c:\users\wesmo\documents\github\sp_online_course2_2018\students\wesleym\lesson                                                                                                                                                                                               05\recursive.py(1)<module>()
-> import sys
(Pdb) s
> c:\users\wesmo\documents\github\sp_online_course2_2018\students\wesleym\lesson                                                                                                                                                                                               05\recursive.py(3)<module>()
-> def my_fun(n):
(Pdb) s
> c:\users\wesmo\documents\github\sp_online_course2_2018\students\wesleym\lesson                                                                                                                                                                                               05\recursive.py(9)<module>()
-> if __name__ == '__main__':
(Pdb) s
> c:\users\wesmo\documents\github\sp_online_course2_2018\students\wesleym\lesson                                                                                                                                                                                               05\recursive.py(10)<module>()
-> n = int(sys.argv[1])
(Pdb) 'n'
'n'
(Pdb) "n"
'n'
(Pdb)
'n'
(Pdb)
'n'
(Pdb) s
> c:\users\wesmo\documents\github\sp_online_course2_2018\students\wesleym\lesson                                                                                                                                                                                               05\recursive.py(11)<module>()
-> print(my_fun(n))
(Pdb) s
--Call--
> c:\users\wesmo\documents\github\sp_online_course2_2018\students\wesleym\lesson                                                                                                                                                                                               05\recursive.py(3)my_fun()
-> def my_fun(n):
(Pdb) s
> c:\users\wesmo\documents\github\sp_online_course2_2018\students\wesleym\lesson                                                                                                                                                                                               05\recursive.py(4)my_fun()
-> if n==2:
(Pdb) exit

wesmoy@LAPTOP-18AGRCP7 MINGW64 ~/Documents/GitHub/SP_Online_Course2_2018/student                                                                                                                                                                                               s/WesleyM/Lesson05 (master)
$ python -m pdb recursive.py 16
> c:\users\wesmo\documents\github\sp_online_course2_2018\students\wesleym\lesson                                                                                                                                                                                               05\recursive.py(1)<module>()
-> import sys
(Pdb) s
> c:\users\wesmo\documents\github\sp_online_course2_2018\students\wesleym\lesson                                                                                                                                                                                               05\recursive.py(3)<module>()
-> def my_fun(n):
(Pdb) s
> c:\users\wesmo\documents\github\sp_online_course2_2018\students\wesleym\lesson                                                                                                                                                                                               05\recursive.py(9)<module>()
-> if __name__ == '__main__':
(Pdb) s
> c:\users\wesmo\documents\github\sp_online_course2_2018\students\wesleym\lesson                                                                                                                                                                                               05\recursive.py(10)<module>()
-> n = int(sys.argv[1])
(Pdb) s
> c:\users\wesmo\documents\github\sp_online_course2_2018\students\wesleym\lesson                                                                                                                                                                                               05\recursive.py(11)<module>()
-> print(my_fun(n))
(Pdb) s
--Call--
> c:\users\wesmo\documents\github\sp_online_course2_2018\students\wesleym\lesson                                                                                                                                                                                               05\recursive.py(3)my_fun()
-> def my_fun(n):
(Pdb) s
> c:\users\wesmo\documents\github\sp_online_course2_2018\students\wesleym\lesson                                                                                                                                                                                               05\recursive.py(4)my_fun()
-> if n==2:
(Pdb) s
> c:\users\wesmo\documents\github\sp_online_course2_2018\students\wesleym\lesson                                                                                                                                                                                               05\recursive.py(7)my_fun()
-> return my_fun(n/2)
(Pdb) s
--Call--
> c:\users\wesmo\documents\github\sp_online_course2_2018\students\wesleym\lesson                                                                                                                                                                                               05\recursive.py(3)my_fun()
-> def my_fun(n):
(Pdb) pp n
8.0
(Pdb) s
> c:\users\wesmo\documents\github\sp_online_course2_2018\students\wesleym\lesson                                                                                                                                                                                               05\recursive.py(4)my_fun()
-> if n==2:
(Pdb) s
> c:\users\wesmo\documents\github\sp_online_course2_2018\students\wesleym\lesson                                                                                                                                                                                               05\recursive.py(7)my_fun()
-> return my_fun(n/2)
(Pdb) pp n
8.0
(Pdb) s
--Call--
> c:\users\wesmo\documents\github\sp_online_course2_2018\students\wesleym\lesson                                                                                                                                                                                               05\recursive.py(3)my_fun()
-> def my_fun(n):
(Pdb) pp n
4.0
(Pdb) s
> c:\users\wesmo\documents\github\sp_online_course2_2018\students\wesleym\lesson                                                                                                                                                                                               05\recursive.py(4)my_fun()
-> if n==2:
(Pdb) s
> c:\users\wesmo\documents\github\sp_online_course2_2018\students\wesleym\lesson                                                                                                                                                                                               05\recursive.py(7)my_fun()
-> return my_fun(n/2)
(Pdb) pp n
4.0
(Pdb) s
--Call--
> c:\users\wesmo\documents\github\sp_online_course2_2018\students\wesleym\lesson                                                                                                                                                                                               05\recursive.py(3)my_fun()
-> def my_fun(n):
(Pdb) pp n
2.0
(Pdb) s
> c:\users\wesmo\documents\github\sp_online_course2_2018\students\wesleym\lesson                                                                                                                                                                                               05\recursive.py(4)my_fun()
-> if n==2:
(Pdb) s
> c:\users\wesmo\documents\github\sp_online_course2_2018\students\wesleym\lesson                                                                                                                                                                                               05\recursive.py(5)my_fun()
-> return True
(Pdb) pp
*** SyntaxError: unexpected EOF while parsing
(Pdb) s
--Return--
> c:\users\wesmo\documents\github\sp_online_course2_2018\students\wesleym\lesson                                                                                                                                                                                               05\recursive.py(5)my_fun()->True
-> return True
(Pdb) s
--Return--
> c:\users\wesmo\documents\github\sp_online_course2_2018\students\wesleym\lesson                                                                                                                                                                                               05\recursive.py(7)my_fun()->True
-> return my_fun(n/2)
(Pdb) s
--Return--
> c:\users\wesmo\documents\github\sp_online_course2_2018\students\wesleym\lesson                                                                                                                                                                                               05\recursive.py(7)my_fun()->True
-> return my_fun(n/2)
(Pdb) s
--Return--
> c:\users\wesmo\documents\github\sp_online_course2_2018\students\wesleym\lesson                                                                                                                                                                                               05\recursive.py(7)my_fun()->True
-> return my_fun(n/2)
(Pdb) s
--Call--
> c:\python36\lib\encodings\cp1252.py(18)encode()
-> def encode(self, input, final=False):
(Pdb) exit

wesmoy@LAPTOP-18AGRCP7 MINGW64 ~/Documents/GitHub/SP_Online_Course2_2018/student                                                                                                                                                                                               s/WesleyM/Lesson05 (master)
$ python -m pdb recursive.py 15
> c:\users\wesmo\documents\github\sp_online_course2_2018\students\wesleym\lesson                                                                                                                                                                                               05\recursive.py(1)<module>()
-> import sys
(Pdb) s
> c:\users\wesmo\documents\github\sp_online_course2_2018\students\wesleym\lesson                                                                                                                                                                                               05\recursive.py(3)<module>()
-> def my_fun(n):
(Pdb) s
> c:\users\wesmo\documents\github\sp_online_course2_2018\students\wesleym\lesson                                                                                                                                                                                               05\recursive.py(9)<module>()
-> if __name__ == '__main__':
(Pdb) s
> c:\users\wesmo\documents\github\sp_online_course2_2018\students\wesleym\lesson                                                                                                                                                                                               05\recursive.py(10)<module>()
-> n = int(sys.argv[1])
(Pdb) s
> c:\users\wesmo\documents\github\sp_online_course2_2018\students\wesleym\lesson                                                                                                                                                                                               05\recursive.py(11)<module>()
-> print(my_fun(n))
(Pdb) s
--Call--
> c:\users\wesmo\documents\github\sp_online_course2_2018\students\wesleym\lesson                                                                                                                                                                                               05\recursive.py(3)my_fun()
-> def my_fun(n):
(Pdb) pp n
15
(Pdb) s
> c:\users\wesmo\documents\github\sp_online_course2_2018\students\wesleym\lesson                                                                                                                                                                                               05\recursive.py(4)my_fun()
-> if n==2:
(Pdb) pp n
15
(Pdb) s
> c:\users\wesmo\documents\github\sp_online_course2_2018\students\wesleym\lesson                                                                                                                                                                                               05\recursive.py(7)my_fun()
-> return my_fun(n/2)
(Pdb) s
--Call--
> c:\users\wesmo\documents\github\sp_online_course2_2018\students\wesleym\lesson                                                                                                                                                                                               05\recursive.py(3)my_fun()
-> def my_fun(n):
(Pdb) pp n
7.5
(Pdb) s
> c:\users\wesmo\documents\github\sp_online_course2_2018\students\wesleym\lesson                                                                                                                                                                                               05\recursive.py(4)my_fun()
-> if n==2:
(Pdb) pp n
7.5
(Pdb) s
> c:\users\wesmo\documents\github\sp_online_course2_2018\students\wesleym\lesson                                                                                                                                                                                               05\recursive.py(7)my_fun()
-> return my_fun(n/2)
(Pdb) pp n
7.5
(Pdb) s
--Call--
> c:\users\wesmo\documents\github\sp_online_course2_2018\students\wesleym\lesson                                                                                                                                                                                               05\recursive.py(3)my_fun()
-> def my_fun(n):
(Pdb) pp n
3.75
(Pdb) s
> c:\users\wesmo\documents\github\sp_online_course2_2018\students\wesleym\lesson05\recursive.py(4)my_fun()
-> if n==2:
(Pdb) s
> c:\users\wesmo\documents\github\sp_online_course2_2018\students\wesleym\lesson05\recursive.py(7)my_fun()
-> return my_fun(n/2)
(Pdb) s
--Call--
> c:\users\wesmo\documents\github\sp_online_course2_2018\students\wesleym\lesson05\recursive.py(3)my_fun()
-> def my_fun(n):
(Pdb) pp n
1.875
(Pdb) s
> c:\users\wesmo\documents\github\sp_online_course2_2018\students\wesleym\lesson05\recursive.py(4)my_fun()
-> if n==2:
(Pdb) s
> c:\users\wesmo\documents\github\sp_online_course2_2018\students\wesleym\lesson05\recursive.py(7)my_fun()
-> return my_fun(n/2)
(Pdb) s
--Call--
> c:\users\wesmo\documents\github\sp_online_course2_2018\students\wesleym\lesson05\recursive.py(3)my_fun()
-> def my_fun(n):
(Pdb) pp n
0.9375
(Pdb) s
> c:\users\wesmo\documents\github\sp_online_course2_2018\students\wesleym\lesson05\recursive.py(4)my_fun()
-> if n==2:
(Pdb) s
> c:\users\wesmo\documents\github\sp_online_course2_2018\students\wesleym\lesson05\recursive.py(7)my_fun()
-> return my_fun(n/2)
(Pdb) s
--Call--
> c:\users\wesmo\documents\github\sp_online_course2_2018\students\wesleym\lesson05\recursive.py(3)my_fun()
-> def my_fun(n):
(Pdb) s
> c:\users\wesmo\documents\github\sp_online_course2_2018\students\wesleym\lesson05\recursive.py(4)my_fun()
-> if n==2:
(Pdb) s
> c:\users\wesmo\documents\github\sp_online_course2_2018\students\wesleym\lesson05\recursive.py(7)my_fun()
-> return my_fun(n/2)
(Pdb) s
--Call--
> c:\users\wesmo\documents\github\sp_online_course2_2018\students\wesleym\lesson05\recursive.py(3)my_fun()
-> def my_fun(n):
(Pdb) pp n
0.234375
(Pdb) s
> c:\users\wesmo\documents\github\sp_online_course2_2018\students\wesleym\lesson05\recursive.py(4)my_fun()
-> if n==2:
(Pdb) s
> c:\users\wesmo\documents\github\sp_online_course2_2018\students\wesleym\lesson05\recursive.py(7)my_fun()
-> return my_fun(n/2)
(Pdb) s
--Call--
> c:\users\wesmo\documents\github\sp_online_course2_2018\students\wesleym\lesson05\recursive.py(3)my_fun()
-> def my_fun(n):
(Pdb) s
> c:\users\wesmo\documents\github\sp_online_course2_2018\students\wesleym\lesson05\recursive.py(4)my_fun()
-> if n==2:
(Pdb) s
> c:\users\wesmo\documents\github\sp_online_course2_2018\students\wesleym\lesson05\recursive.py(7)my_fun()
-> return my_fun(n/2)
(Pdb) s
--Call--
> c:\users\wesmo\documents\github\sp_online_course2_2018\students\wesleym\lesson05\recursive.py(3)my_fun()
-> def my_fun(n):
(Pdb) s
> c:\users\wesmo\documents\github\sp_online_course2_2018\students\wesleym\lesson05\recursive.py(4)my_fun()
-> if n==2:
(Pdb) s
> c:\users\wesmo\documents\github\sp_online_course2_2018\students\wesleym\lesson05\recursive.py(7)my_fun()
-> return my_fun(n/2)
(Pdb) pp n
0.05859375
(Pdb)
