Cocos-MacBook-Pro:lesson5 CocoKaku$ python -m pdb recursive.py 5
> /Users/CocoKaku/PythonProjects/Python220/SP_Online_Course2_2018/students/CocoKaku/lesson5/recursive.py(1)<module>()
-> import sys
(Pdb) ll
  1  ->	import sys
  2  	
  3  	def my_fun(n):
  4  	    if n == 2:
  5  	        return True
  6  	    return my_fun(n/2)
  7  	
  8  	if __name__ == "__main__":
  9  	    n = int(sys.argv[1])
 10  	    print(my_fun(n))
 11  	
(Pdb) n
> /Users/CocoKaku/PythonProjects/Python220/SP_Online_Course2_2018/students/CocoKaku/lesson5/recursive.py(3)<module>()
-> def my_fun(n):
(Pdb) n
> /Users/CocoKaku/PythonProjects/Python220/SP_Online_Course2_2018/students/CocoKaku/lesson5/recursive.py(8)<module>()
-> if __name__ == "__main__":
(Pdb) n
> /Users/CocoKaku/PythonProjects/Python220/SP_Online_Course2_2018/students/CocoKaku/lesson5/recursive.py(9)<module>()
-> n = int(sys.argv[1])
(Pdb) n
> /Users/CocoKaku/PythonProjects/Python220/SP_Online_Course2_2018/students/CocoKaku/lesson5/recursive.py(10)<module>()
-> print(my_fun(n))
(Pdb) s
--Call--
> /Users/CocoKaku/PythonProjects/Python220/SP_Online_Course2_2018/students/CocoKaku/lesson5/recursive.py(3)my_fun()
-> def my_fun(n):
(Pdb) pp n
5
(Pdb) n
> /Users/CocoKaku/PythonProjects/Python220/SP_Online_Course2_2018/students/CocoKaku/lesson5/recursive.py(4)my_fun()
-> if n == 2:
(Pdb) n
> /Users/CocoKaku/PythonProjects/Python220/SP_Online_Course2_2018/students/CocoKaku/lesson5/recursive.py(6)my_fun()
-> return my_fun(n/2)
(Pdb) s
--Call--
> /Users/CocoKaku/PythonProjects/Python220/SP_Online_Course2_2018/students/CocoKaku/lesson5/recursive.py(3)my_fun()
-> def my_fun(n):
(Pdb) pp n
2.5
(Pdb) n
> /Users/CocoKaku/PythonProjects/Python220/SP_Online_Course2_2018/students/CocoKaku/lesson5/recursive.py(4)my_fun()
-> if n == 2:
(Pdb) n
> /Users/CocoKaku/PythonProjects/Python220/SP_Online_Course2_2018/students/CocoKaku/lesson5/recursive.py(6)my_fun()
-> return my_fun(n/2)
(Pdb) s
--Call--
> /Users/CocoKaku/PythonProjects/Python220/SP_Online_Course2_2018/students/CocoKaku/lesson5/recursive.py(3)my_fun()
-> def my_fun(n):
(Pdb) pp n
1.25
(Pdb) n
> /Users/CocoKaku/PythonProjects/Python220/SP_Online_Course2_2018/students/CocoKaku/lesson5/recursive.py(4)my_fun()
-> if n == 2:
(Pdb) n
> /Users/CocoKaku/PythonProjects/Python220/SP_Online_Course2_2018/students/CocoKaku/lesson5/recursive.py(6)my_fun()
-> return my_fun(n/2)
(Pdb) s
--Call--
> /Users/CocoKaku/PythonProjects/Python220/SP_Online_Course2_2018/students/CocoKaku/lesson5/recursive.py(3)my_fun()
-> def my_fun(n):
(Pdb) pp n
0.625
(Pdb) n
> /Users/CocoKaku/PythonProjects/Python220/SP_Online_Course2_2018/students/CocoKaku/lesson5/recursive.py(4)my_fun()
-> if n == 2:
(Pdb) n
> /Users/CocoKaku/PythonProjects/Python220/SP_Online_Course2_2018/students/CocoKaku/lesson5/recursive.py(6)my_fun()
-> return my_fun(n/2)
(Pdb) s
--Call--
> /Users/CocoKaku/PythonProjects/Python220/SP_Online_Course2_2018/students/CocoKaku/lesson5/recursive.py(3)my_fun()
-> def my_fun(n):
(Pdb) pp n
0.3125
(Pdb) c
Traceback (most recent call last):
  File "/Library/Frameworks/Python.framework/Versions/3.7/lib/python3.7/pdb.py", line 1697, in main
    pdb._runscript(mainpyfile)
  File "/Library/Frameworks/Python.framework/Versions/3.7/lib/python3.7/pdb.py", line 1566, in _runscript
    self.run(statement)
  File "/Library/Frameworks/Python.framework/Versions/3.7/lib/python3.7/bdb.py", line 585, in run
    exec(cmd, globals, locals)
  File "<string>", line 1, in <module>
  File "/Users/CocoKaku/PythonProjects/Python220/SP_Online_Course2_2018/students/CocoKaku/lesson5/recursive.py", line 10, in <module>
    print(my_fun(n))
  File "/Users/CocoKaku/PythonProjects/Python220/SP_Online_Course2_2018/students/CocoKaku/lesson5/recursive.py", line 6, in my_fun
    return my_fun(n/2)
  File "/Users/CocoKaku/PythonProjects/Python220/SP_Online_Course2_2018/students/CocoKaku/lesson5/recursive.py", line 6, in my_fun
    return my_fun(n/2)
  File "/Users/CocoKaku/PythonProjects/Python220/SP_Online_Course2_2018/students/CocoKaku/lesson5/recursive.py", line 6, in my_fun
    return my_fun(n/2)
  [Previous line repeated 1 more time]
  File "/Users/CocoKaku/PythonProjects/Python220/SP_Online_Course2_2018/students/CocoKaku/lesson5/recursive.py", line 3, in my_fun
    def my_fun(n):
  File "/Users/CocoKaku/PythonProjects/Python220/SP_Online_Course2_2018/students/CocoKaku/lesson5/recursive.py", line 6, in my_fun
    return my_fun(n/2)
  File "/Users/CocoKaku/PythonProjects/Python220/SP_Online_Course2_2018/students/CocoKaku/lesson5/recursive.py", line 6, in my_fun
    return my_fun(n/2)
  File "/Users/CocoKaku/PythonProjects/Python220/SP_Online_Course2_2018/students/CocoKaku/lesson5/recursive.py", line 6, in my_fun
    return my_fun(n/2)
  [Previous line repeated 980 more times]
  File "/Users/CocoKaku/PythonProjects/Python220/SP_Online_Course2_2018/students/CocoKaku/lesson5/recursive.py", line 4, in my_fun
    if n == 2:
RecursionError: maximum recursion depth exceeded in comparison
Uncaught exception. Entering post mortem debugging
Running 'cont' or 'step' will restart the program
> /Users/CocoKaku/PythonProjects/Python220/SP_Online_Course2_2018/students/CocoKaku/lesson5/recursive.py(4)my_fun()
-> if n == 2:
(Pdb) 
Post mortem debugger finished. The recursive.py will be restarted
> /Users/CocoKaku/PythonProjects/Python220/SP_Online_Course2_2018/students/CocoKaku/lesson5/recursive.py(1)<module>()
-> import sys
(Pdb) q
Cocos-MacBook-Pro:lesson5 CocoKaku$ 
